// Jest Snapshot v1, https://goo.gl/fbAQLP

exports[`OfferCardDetails successfully rendered 1`] = `
<Connect(OffersFavorites)
  history={
    Object {
      "push": [Function],
    }
  }
  match={
    Object {
      "params": Object {
        "id": 0,
      },
    }
  }
>
  <div
    className="page"
  >
    <header
      className="header"
    >
      <div
        className="container"
      >
        <div
          className="header__wrapper"
        >
          <div
            className="header__left"
          >
            <Link
              className="header__logo-link"
              to="/"
            >
              <LinkAnchor
                className="header__logo-link"
                href="/"
                navigate={[Function]}
              >
                <a
                  className="header__logo-link"
                  href="/"
                  onClick={[Function]}
                >
                  <img
                    alt="6 cities logo"
                    className="header__logo"
                    height="41"
                    src="/img/logo.svg"
                    width="81"
                  />
                </a>
              </LinkAnchor>
            </Link>
          </div>
          <nav
            className="header__nav"
          >
            <ul
              className="header__nav-list"
            >
              <li
                className="header__nav-item user"
              >
                <a
                  className="header__nav-link header__nav-link--profile"
                  href="#"
                >
                  <div
                    className="header__avatar-wrapper user__avatar-wrapper"
                  />
                  <span
                    className="header__user-name user__name"
                  >
                    Oliver.conner@gmail.com
                  </span>
                </a>
              </li>
            </ul>
          </nav>
        </div>
      </div>
    </header>
    <main
      className="page__main page__main--favorites"
    >
      <div
        className="page__favorites-container container"
      >
        <section
          className="favorites favorites--empty"
        >
          <h1
            className="visually-hidden"
          >
            Favorites (empty)
          </h1>
          <div
            className="favorites__status-wrapper"
          >
            <b
              className="favorites__status"
            >
              Nothing yet saved.
            </b>
            <p
              className="favorites__status-description"
            >
              Save properties to narrow down search or plan yor future trips.
            </p>
          </div>
        </section>
      </div>
    </main>
    <footer
      className="footer container"
    >
      <Link
        className="footer__logo-link"
        to="/"
      >
        <LinkAnchor
          className="footer__logo-link"
          href="/"
          navigate={[Function]}
        >
          <a
            className="footer__logo-link"
            href="/"
            onClick={[Function]}
          >
            <img
              alt="6 cities logo"
              className="footer__logo"
              height="33"
              src="img/logo.svg"
              width="64"
            />
          </a>
        </LinkAnchor>
      </Link>
    </footer>
  </div>
</Connect(OffersFavorites)>
`;
