// Jest Snapshot v1, https://goo.gl/fbAQLP

exports[`PrivateRoute successfully rendered 1`] = `<Connect(PrivateRoute) />`;
