// Jest Snapshot v1, https://goo.gl/fbAQLP

exports[`OfferComments successfully rendered 1`] = `
<section
  className="property__reviews reviews"
>
  <h2
    className="reviews__title"
  >
    Review
     Â·
     
    <span
      className="reviews__amount"
    >
      1
    </span>
  </h2>
  <ul
    className="reviews__list"
  >
    <li
      className="reviews__item"
    >
      <div
        className="reviews__user user"
      >
        <div
          className="reviews__avatar-wrapper user__avatar-wrapper"
        >
          <img
            alt="Reviews avatar"
            className="reviews__avatar user__avatar"
            height="54"
            src="/static/avatar/7.jpg"
            width="54"
          />
        </div>
        <span
          className="reviews__user-name"
        >
          laura
        </span>
      </div>
      <div
        className="reviews__info"
      >
        <div
          className="reviews__rating rating"
        >
          <div
            className="reviews__stars rating__stars"
          >
            <span
              style={
                Object {
                  "width": "80%",
                }
              }
            />
            <span
              className="visually-hidden"
            >
              4
            </span>
          </div>
        </div>
        <p
          className="reviews__text"
        >
          A quiet cozy and picturesque that hides behind a a river by the unique lightness of Amsterdam. The building is green and from 18th century.
        </p>
        <time
          className="reviews__time"
          dateTime="2019-04-24"
        >
          January 2020
        </time>
      </div>
    </li>
  </ul>
  <Connect(OfferAddComment)
    comment=""
    email=""
    id={1}
    isSending={false}
    isValid={true}
    mark={0}
    onCommentSet={[Function]}
    onEmailChange={[Function]}
    onMarkSet={[Function]}
    onPasswordChange={[Function]}
    password=""
    resetComments={[Function]}
    setIsSending={[Function]}
    validationSet={[Function]}
  >
    <form
      action="#"
      className="reviews__form form"
      method="post"
      onSubmit={[Function]}
    >
      <label
        className="reviews__label form__label"
        htmlFor="review"
      >
        Your review
      </label>
      <div
        className="reviews__rating-form form__rating"
      >
        <input
          checked={false}
          className="form__rating-input visually-hidden"
          id="5-stars"
          name="rating"
          onChange={[Function]}
          type="radio"
          value={5}
        />
        <label
          className="reviews__rating-label form__rating-label"
          htmlFor="5-stars"
          title="perfect"
        >
          <svg
            className="form__star-image"
            height="33"
            width="37"
          >
            <use
              xlinkHref="#icon-star"
            />
          </svg>
        </label>
        <input
          checked={false}
          className="form__rating-input visually-hidden"
          id="4-stars"
          name="rating"
          onChange={[Function]}
          type="radio"
          value={4}
        />
        <label
          className="reviews__rating-label form__rating-label"
          htmlFor="4-stars"
          title="perfect"
        >
          <svg
            className="form__star-image"
            height="33"
            width="37"
          >
            <use
              xlinkHref="#icon-star"
            />
          </svg>
        </label>
        <input
          checked={false}
          className="form__rating-input visually-hidden"
          id="3-stars"
          name="rating"
          onChange={[Function]}
          type="radio"
          value={3}
        />
        <label
          className="reviews__rating-label form__rating-label"
          htmlFor="3-stars"
          title="perfect"
        >
          <svg
            className="form__star-image"
            height="33"
            width="37"
          >
            <use
              xlinkHref="#icon-star"
            />
          </svg>
        </label>
        <input
          checked={false}
          className="form__rating-input visually-hidden"
          id="2-stars"
          name="rating"
          onChange={[Function]}
          type="radio"
          value={2}
        />
        <label
          className="reviews__rating-label form__rating-label"
          htmlFor="2-stars"
          title="perfect"
        >
          <svg
            className="form__star-image"
            height="33"
            width="37"
          >
            <use
              xlinkHref="#icon-star"
            />
          </svg>
        </label>
        <input
          checked={false}
          className="form__rating-input visually-hidden"
          id="1-stars"
          name="rating"
          onChange={[Function]}
          type="radio"
          value={1}
        />
        <label
          className="reviews__rating-label form__rating-label"
          htmlFor="1-stars"
          title="perfect"
        >
          <svg
            className="form__star-image"
            height="33"
            width="37"
          >
            <use
              xlinkHref="#icon-star"
            />
          </svg>
        </label>
      </div>
      <textarea
        className="reviews__textarea form__textarea"
        data-test="test-add-comment"
        disabled={false}
        id="review"
        name="review"
        onChange={[Function]}
        placeholder="Tell how was your stay, what you like and what can be improved"
        value=""
      />
      <div
        className="reviews__button-wrapper"
      >
        <p
          className="reviews__help"
        >
          To submit review please make sure to set
           
          <span
            className="reviews__star"
          >
            rating
          </span>
           and describe your stay with at least
          <b
            className="reviews__text-amount"
          >
            50 characters
          </b>
          .
        </p>
        <button
          className="reviews__submit form__submit button"
          disabled={true}
          type="submit"
        >
          Submit
        </button>
      </div>
    </form>
  </Connect(OfferAddComment)>
</section>
`;
