// Jest Snapshot v1, https://goo.gl/fbAQLP

exports[`OfferCardDetails successfully rendered 1`] = `
<Connect(OfferCardDetail)
  history={
    Object {
      "push": [Function],
    }
  }
  match={
    Object {
      "params": Object {
        "id": 0,
      },
    }
  }
>
  <div
    className="page"
  >
    <header
      className="header"
    >
      <div
        className="container"
      >
        <div
          className="header__wrapper"
        >
          <div
            className="header__left"
          >
            <Link
              className="header__logo-link"
              to="/"
            >
              <LinkAnchor
                className="header__logo-link"
                href="/"
                navigate={[Function]}
              >
                <a
                  className="header__logo-link"
                  href="/"
                  onClick={[Function]}
                >
                  <img
                    alt="6 cities logo"
                    className="header__logo"
                    height="41"
                    src="/img/logo.svg"
                    width="81"
                  />
                </a>
              </LinkAnchor>
            </Link>
          </div>
          <nav
            className="header__nav"
          >
            <ul
              className="header__nav-list"
            >
              <li
                className="header__nav-item user"
              >
                <Link
                  className="header__nav-link header__nav-link--profile"
                  to="/login"
                >
                  <LinkAnchor
                    className="header__nav-link header__nav-link--profile"
                    href="/login"
                    navigate={[Function]}
                  >
                    <a
                      className="header__nav-link header__nav-link--profile"
                      href="/login"
                      onClick={[Function]}
                    >
                      <div
                        className="header__avatar-wrapper user__avatar-wrapper"
                      />
                      <span
                        className="header__login"
                      >
                        Sign in
                      </span>
                    </a>
                  </LinkAnchor>
                </Link>
              </li>
            </ul>
          </nav>
        </div>
      </div>
    </header>
    <main
      className="page__main page__main--property"
    >
      <section
        className="property"
      >
        <div
          className="property__gallery-container container"
        >
          <div
            className="property__gallery"
          >
            <div
              className="property__image-wrapper"
              key="0"
            >
              <img
                alt="Photo studio"
                className="property__image"
                src="/img/apartment-01.jpg"
              />
            </div>
            <div
              className="property__image-wrapper"
              key="1"
            >
              <img
                alt="Photo studio"
                className="property__image"
                src="/img/apartment-02.jpg"
              />
            </div>
            <div
              className="property__image-wrapper"
              key="2"
            >
              <img
                alt="Photo studio"
                className="property__image"
                src="/img/apartment-03.jpg"
              />
            </div>
            <div
              className="property__image-wrapper"
              key="3"
            >
              <img
                alt="Photo studio"
                className="property__image"
                src="/img/studio-01.jpg"
              />
            </div>
            <div
              className="property__image-wrapper"
              key="4"
            >
              <img
                alt="Photo studio"
                className="property__image"
                src="/img/room.jpg"
              />
            </div>
          </div>
        </div>
        <div
          className="property__container container"
        >
          <div
            className="property__wrapper"
          >
            <div
              className="property__mark"
            >
              <span>
                Premium
              </span>
            </div>
            <div
              className="property__name-wrapper"
            >
              <h1
                className="property__name"
              >
                Beautiful & luxurious apartment at great location
              </h1>
              <Link
                to="/login"
              >
                <LinkAnchor
                  href="/login"
                  navigate={[Function]}
                >
                  <a
                    href="/login"
                    onClick={[Function]}
                  >
                    <button
                      className="property__bookmark-button button property__bookmark-button--active"
                      data-test="test-add-to-favorite"
                      onClick={[Function]}
                      type="button"
                    >
                      <svg
                        className="property__bookmark-icon"
                        height="33"
                        width="31"
                      >
                        <use
                          xlinkHref="#icon-bookmark"
                        />
                      </svg>
                      <span
                        className="visually-hidden"
                      >
                        In
                         bookmarks
                      </span>
                    </button>
                  </a>
                </LinkAnchor>
              </Link>
            </div>
            <div
              className="property__rating rating"
            >
              <div
                className="property__stars rating__stars"
              >
                <span
                  style={
                    Object {
                      "width": "80%",
                    }
                  }
                />
                <span
                  className="visually-hidden"
                >
                  Rating
                </span>
              </div>
              <span
                className="property__rating-value rating__value"
              >
                4
              </span>
            </div>
            <ul
              className="property__features"
            >
              <li
                className="property__feature property__feature--entire"
              >
                Apartment
              </li>
              <li
                className="property__feature property__feature--bedrooms"
              >
                1
                 Bedroom
              </li>
              <li
                className="property__feature property__feature--adults"
              >
                Max 
                1
                 adult
              </li>
            </ul>
            <div
              className="property__price"
            >
              <b
                className="property__price-value"
              >
                €
                120
              </b>
              <span
                className="property__price-text"
              >
                 night
              </span>
            </div>
            <div
              className="property__inside"
            >
              <h2
                className="property__inside-title"
              >
                What's inside
              </h2>
              <ul
                className="property__inside-list"
              >
                <li
                  className="property__inside-item"
                  key="0"
                >
                  Wi-Fi
                </li>
                <li
                  className="property__inside-item"
                  key="1"
                >
                  Heating
                </li>
                <li
                  className="property__inside-item"
                  key="2"
                >
                  Kitchen
                </li>
                <li
                  className="property__inside-item"
                  key="3"
                >
                  Fridge
                </li>
                <li
                  className="property__inside-item"
                  key="4"
                >
                  Washing machine
                </li>
                <li
                  className="property__inside-item"
                  key="5"
                >
                  Coffee machine
                </li>
                <li
                  className="property__inside-item"
                  key="6"
                >
                  Dishwasher
                </li>
              </ul>
            </div>
            <div
              className="property__host"
            >
              <h2
                className="property__host-title"
              >
                Meet the host
              </h2>
              <div
                className="property__host-user user"
              >
                <div
                  className="property__avatar-wrapper property__avatar-wrapper--pro user__avatar-wrapper"
                >
                  <img
                    alt="Host avatar"
                    className="property__avatar user__avatar"
                    height="74"
                    src="//img/avatar-angelina.jpg"
                    width="74"
                  />
                </div>
                <span
                  className="property__user-name"
                >
                  Angelina
                </span>
              </div>
              <div
                className="property__description"
              >
                <p
                  className="property__text"
                  key="0"
                >
                  A quiet cozy and picturesque that hides behind a a river by the unique lightness of Amsterdam. The building is green and from 18th century.
                </p>
                <p
                  className="property__text"
                  key="1"
                >
                  An independent House, strategically located between Rembrand Square and National Opera, but where the bustle of the city comes to rest in this alley flowery and colorful.
                </p>
              </div>
            </div>
          </div>
        </div>
      </section>
      <div
        className="container"
      >
        <section
          className="near-places places"
        >
          <h2
            className="near-places__title"
          >
            Other places in the neighbourhood
          </h2>
          <div
            className="near-places__list places__list"
          />
        </section>
      </div>
    </main>
  </div>
</Connect(OfferCardDetail)>
`;
