// Jest Snapshot v1, https://goo.gl/fbAQLP

exports[`OfferCardDetails successfully rendered 1`] = `
<Connect(OfferCardDetail)
  card={
    Object {
      "addressCoords": Array [
        52.3909553943508,
        4.85309666406198,
      ],
      "avgMark": 4.5,
      "bedroomNo": 1,
      "capacity": 1,
      "city": Object {
        "location": Object {
          "latitude": 52.37454,
          "longitude": 4.897976,
          "zoom": 13,
        },
        "name": "Amsterdam",
      },
      "comments": Array [
        Object {
          "author": "Max",
          "authorImg": "/img/avatar-max.jpg",
          "comment": "A quiet cozy and picturesque that hides behind a a river by the unique lightness of Amsterdam. The building is green and from 18th century.",
          "date": "2020-01-26T13:51:50.417Z",
          "id": 1,
          "mark": 4,
        },
        Object {
          "author": "Max",
          "authorImg": "/img/avatar-max.jpg",
          "comment": "A quiet cozy and picturesque that hides behind a a river by the unique lightness of Amsterdam. The building is green and from 18th century.",
          "date": "2020-01-26T13:51:50.417Z",
          "id": 2,
          "mark": 4,
        },
      ],
      "descriptions": Array [
        "A quiet cozy and picturesque that hides behind a a river by the unique lightness of Amsterdam. The building is green and from 18th century.",
        "An independent House, strategically located between Rembrand Square and National Opera, but where the bustle of the city comes to rest in this alley flowery and colorful.",
      ],
      "facilities": Array [
        "Wi-Fi",
        "Heating",
        "Kitchen",
        "Fridge",
        "Washing machine",
        "Coffee machine",
        "Dishwasher",
      ],
      "hostUser": Object {
        "img": "/img/avatar-angelina.jpg",
        "isPro": true,
        "name": "Angelina",
      },
      "id": 0,
      "imgs": Array [
        "/img/apartment-01.jpg",
        "/img/apartment-02.jpg",
        "/img/apartment-03.jpg",
        "/img/studio-01.jpg",
        "/img/room.jpg",
      ],
      "isInBookmark": true,
      "isPremium": true,
      "mark": 4,
      "name": "Beautiful & luxurious apartment at great location",
      "nearOffers": Array [
        1,
        2,
        3,
      ],
      "previewImg": "/img/apartment-01.jpg",
      "price": 120,
      "reviews": 2,
      "type": "Apartment",
    }
  }
  history={
    Object {
      "push": [Function],
    }
  }
  match={
    Object {
      "params": Object {
        "id": 0,
      },
    }
  }
  onHeaderClick={[Function]}
>
  <div
    className="page"
  >
    <header
      className="header"
    >
      <div
        className="container"
      >
        <div
          className="header__wrapper"
        >
          <div
            className="header__left"
          >
            <a
              className="header__logo-link"
              href="/"
            >
              <img
                alt="6 cities logo"
                className="header__logo"
                height="41"
                src="/img/logo.svg"
                width="81"
              />
            </a>
          </div>
          <nav
            className="header__nav"
          >
            <ul
              className="header__nav-list"
            >
              <li
                className="header__nav-item user"
              >
                <Link
                  className="header__nav-link header__nav-link--profile"
                  to="/login"
                >
                  <LinkAnchor
                    className="header__nav-link header__nav-link--profile"
                    href="/login"
                    navigate={[Function]}
                  >
                    <a
                      className="header__nav-link header__nav-link--profile"
                      href="/login"
                      onClick={[Function]}
                    >
                      <div
                        className="header__avatar-wrapper user__avatar-wrapper"
                      />
                      <span
                        className="header__login"
                      >
                        Sign in
                      </span>
                    </a>
                  </LinkAnchor>
                </Link>
              </li>
            </ul>
          </nav>
        </div>
      </div>
    </header>
    <main
      className="page__main page__main--property"
    >
      <section
        className="property"
      >
        <div
          className="property__gallery-container container"
        >
          <div
            className="property__gallery"
          >
            <div
              className="property__image-wrapper"
              key="0"
            >
              <img
                alt="Photo studio"
                className="property__image"
                src="/img/apartment-01.jpg"
              />
            </div>
            <div
              className="property__image-wrapper"
              key="1"
            >
              <img
                alt="Photo studio"
                className="property__image"
                src="/img/apartment-02.jpg"
              />
            </div>
            <div
              className="property__image-wrapper"
              key="2"
            >
              <img
                alt="Photo studio"
                className="property__image"
                src="/img/apartment-03.jpg"
              />
            </div>
            <div
              className="property__image-wrapper"
              key="3"
            >
              <img
                alt="Photo studio"
                className="property__image"
                src="/img/studio-01.jpg"
              />
            </div>
            <div
              className="property__image-wrapper"
              key="4"
            >
              <img
                alt="Photo studio"
                className="property__image"
                src="/img/room.jpg"
              />
            </div>
          </div>
        </div>
        <div
          className="property__container container"
        >
          <div
            className="property__wrapper"
          >
            <div
              className="property__mark"
            >
              <span>
                Premium
              </span>
            </div>
            <div
              className="property__name-wrapper"
            >
              <h1
                className="property__name"
              >
                Beautiful & luxurious apartment at great location
              </h1>
              <button
                className="property__bookmark-button button property__bookmark-button--active"
                type="button"
              >
                <svg
                  className="property__bookmark-icon"
                  height="33"
                  width="31"
                >
                  <use
                    xlinkHref="#icon-bookmark"
                  />
                </svg>
                <span
                  className="visually-hidden"
                >
                  In
                   bookmarks
                </span>
              </button>
            </div>
            <div
              className="property__rating rating"
            >
              <div
                className="property__stars rating__stars"
              >
                <span
                  style={
                    Object {
                      "width": "90%",
                    }
                  }
                />
                <span
                  className="visually-hidden"
                >
                  Rating
                </span>
              </div>
              <span
                className="property__rating-value rating__value"
              >
                4.5
              </span>
            </div>
            <ul
              className="property__features"
            >
              <li
                className="property__feature property__feature--entire"
              >
                Apartment
              </li>
              <li
                className="property__feature property__feature--bedrooms"
              >
                1
                 Bedroom
              </li>
              <li
                className="property__feature property__feature--adults"
              >
                Max 
                1
                 adult
              </li>
            </ul>
            <div
              className="property__price"
            >
              <b
                className="property__price-value"
              >
                €
                120
              </b>
              <span
                className="property__price-text"
              >
                 night
              </span>
            </div>
            <div
              className="property__inside"
            >
              <h2
                className="property__inside-title"
              >
                What's inside
              </h2>
              <ul
                className="property__inside-list"
              >
                <li
                  className="property__inside-item"
                  key="0"
                >
                  Wi-Fi
                </li>
                <li
                  className="property__inside-item"
                  key="1"
                >
                  Heating
                </li>
                <li
                  className="property__inside-item"
                  key="2"
                >
                  Kitchen
                </li>
                <li
                  className="property__inside-item"
                  key="3"
                >
                  Fridge
                </li>
                <li
                  className="property__inside-item"
                  key="4"
                >
                  Washing machine
                </li>
                <li
                  className="property__inside-item"
                  key="5"
                >
                  Coffee machine
                </li>
                <li
                  className="property__inside-item"
                  key="6"
                >
                  Dishwasher
                </li>
              </ul>
            </div>
            <div
              className="property__host"
            >
              <h2
                className="property__host-title"
              >
                Meet the host
              </h2>
              <div
                className="property__host-user user"
              >
                <div
                  className="property__avatar-wrapper property__avatar-wrapper--pro user__avatar-wrapper"
                >
                  <img
                    alt="Host avatar"
                    className="property__avatar user__avatar"
                    height="74"
                    src="//img/avatar-angelina.jpg"
                    width="74"
                  />
                </div>
                <span
                  className="property__user-name"
                >
                  Angelina
                </span>
              </div>
              <div
                className="property__description"
              >
                <p
                  className="property__text"
                  key="0"
                >
                  A quiet cozy and picturesque that hides behind a a river by the unique lightness of Amsterdam. The building is green and from 18th century.
                </p>
                <p
                  className="property__text"
                  key="1"
                >
                  An independent House, strategically located between Rembrand Square and National Opera, but where the bustle of the city comes to rest in this alley flowery and colorful.
                </p>
              </div>
            </div>
          </div>
        </div>
        <section
          className="property__map map"
        />
      </section>
      <div
        className="container"
      >
        <section
          className="near-places places"
        >
          <h2
            className="near-places__title"
          >
            Other places in the neighbourhood
          </h2>
          <div
            className="near-places__list places__list"
          >
            Array [
              <article
                className="near-places__card place-card"
                data-test="test-card-hover"
                onMouseEnter={[Function]}
                onMouseLeave={[Function]}
              >
                <div
                  className="near-places__image-wrapper place-card__image-wrapper"
                >
                  <a
                    href="#"
                  >
                    <img
                      alt="Place image"
                      className="place-card__image"
                      height="200"
                      src="/img/apartment-01.jpg"
                      width="260"
                    />
                  </a>
                </div>
                <div
                  className="place-card__info"
                >
                  <div
                    className="place-card__price-wrapper"
                  >
                    <div
                      className="place-card__price"
                    >
                      <b
                        className="place-card__price-value"
                      >
                        €
                        80
                      </b>
                      <span
                        className="place-card__price-text"
                      >
                        / night
                      </span>
                    </div>
                    <button
                      className="place-card__bookmark-button button place-card__bookmark-button--active"
                      type="button"
                    >
                      <svg
                        className="place-card__bookmark-icon"
                        height="19"
                        width="18"
                      >
                        <use
                          xlinkHref="#icon-bookmark"
                        />
                      </svg>
                      <span
                        className="visually-hidden"
                      >
                        In
                         bookmarks
                      </span>
                    </button>
                  </div>
                  <div
                    className="place-card__rating rating"
                  >
                    <div
                      className="place-card__stars rating__stars"
                    >
                      <span
                        style={
                          Object {
                            "width": "90%",
                          }
                        }
                      />
                      <span
                        className="visually-hidden"
                      >
                        Rating
                      </span>
                    </div>
                  </div>
                  <h2
                    className="place-card__name"
                  >
                    <a
                      data-test="test-header-click"
                      href="#"
                      onClick={[Function]}
                    >
                      Wood and stone place
                    </a>
                  </h2>
                  <p
                    className="place-card__type"
                  >
                    Private room
                  </p>
                </div>
              </article>,
              <article
                className="near-places__card place-card"
                data-test="test-card-hover"
                onMouseEnter={[Function]}
                onMouseLeave={[Function]}
              >
                <div
                  className="near-places__image-wrapper place-card__image-wrapper"
                >
                  <a
                    href="#"
                  >
                    <img
                      alt="Place image"
                      className="place-card__image"
                      height="200"
                      src="/img/apartment-01.jpg"
                      width="260"
                    />
                  </a>
                </div>
                <div
                  className="place-card__info"
                >
                  <div
                    className="place-card__price-wrapper"
                  >
                    <div
                      className="place-card__price"
                    >
                      <b
                        className="place-card__price-value"
                      >
                        €
                        132
                      </b>
                      <span
                        className="place-card__price-text"
                      >
                        / night
                      </span>
                    </div>
                    <button
                      className="place-card__bookmark-button button false"
                      type="button"
                    >
                      <svg
                        className="place-card__bookmark-icon"
                        height="19"
                        width="18"
                      >
                        <use
                          xlinkHref="#icon-bookmark"
                        />
                      </svg>
                      <span
                        className="visually-hidden"
                      >
                        To
                         bookmarks
                      </span>
                    </button>
                  </div>
                  <div
                    className="place-card__rating rating"
                  >
                    <div
                      className="place-card__stars rating__stars"
                    >
                      <span
                        style={
                          Object {
                            "width": "90%",
                          }
                        }
                      />
                      <span
                        className="visually-hidden"
                      >
                        Rating
                      </span>
                    </div>
                  </div>
                  <h2
                    className="place-card__name"
                  >
                    <a
                      data-test="test-header-click"
                      href="#"
                      onClick={[Function]}
                    >
                      Canal View Prinsengracht
                    </a>
                  </h2>
                  <p
                    className="place-card__type"
                  >
                    Apartment
                  </p>
                </div>
              </article>,
              <article
                className="near-places__card place-card"
                data-test="test-card-hover"
                onMouseEnter={[Function]}
                onMouseLeave={[Function]}
              >
                <div
                  className="near-places__image-wrapper place-card__image-wrapper"
                >
                  <a
                    href="#"
                  >
                    <img
                      alt="Place image"
                      className="place-card__image"
                      height="200"
                      src="/img/apartment-01.jpg"
                      width="260"
                    />
                  </a>
                </div>
                <div
                  className="place-card__info"
                >
                  <div
                    className="place-card__price-wrapper"
                  >
                    <div
                      className="place-card__price"
                    >
                      <b
                        className="place-card__price-value"
                      >
                        €
                        180
                      </b>
                      <span
                        className="place-card__price-text"
                      >
                        / night
                      </span>
                    </div>
                    <button
                      className="place-card__bookmark-button button false"
                      type="button"
                    >
                      <svg
                        className="place-card__bookmark-icon"
                        height="19"
                        width="18"
                      >
                        <use
                          xlinkHref="#icon-bookmark"
                        />
                      </svg>
                      <span
                        className="visually-hidden"
                      >
                        To
                         bookmarks
                      </span>
                    </button>
                  </div>
                  <div
                    className="place-card__rating rating"
                  >
                    <div
                      className="place-card__stars rating__stars"
                    >
                      <span
                        style={
                          Object {
                            "width": "90%",
                          }
                        }
                      />
                      <span
                        className="visually-hidden"
                      >
                        Rating
                      </span>
                    </div>
                  </div>
                  <h2
                    className="place-card__name"
                  >
                    <a
                      data-test="test-header-click"
                      href="#"
                      onClick={[Function]}
                    >
                      Nice, cozy, warm big bed apartment
                    </a>
                  </h2>
                  <p
                    className="place-card__type"
                  >
                    Apartment
                  </p>
                </div>
              </article>,
            ]
          </div>
        </section>
      </div>
    </main>
  </div>
</Connect(OfferCardDetail)>
`;
