// Jest Snapshot v1, https://goo.gl/fbAQLP

exports[`OffersMap successfully rendered 1`] = `
<section
  className="cities__map map"
/>
`;
