// Jest Snapshot v1, https://goo.gl/fbAQLP

exports[`OffersMap successfully rendered 1`] = `
<div
  id="leafletmap"
  style={
    Object {
      "height": "100%",
      "width": "100%",
    }
  }
/>
`;
