// Jest Snapshot v1, https://goo.gl/fbAQLP

exports[`Card successfully successfully rendered 1`] = `
<Connect(withRouter(OfferCard))
  card={
    Object {
      "addressCoords": Array [
        52.3909553943508,
        4.85309666406198,
      ],
      "avgMark": 4.5,
      "bedroomNo": 1,
      "capacity": 1,
      "city": Object {
        "location": Object {
          "latitude": 52.37454,
          "longitude": 4.897976,
          "zoom": 13,
        },
        "name": "Amsterdam",
      },
      "comments": Array [
        Object {
          "author": "Max",
          "authorImg": "/img/avatar-max.jpg",
          "comment": "A quiet cozy and picturesque that hides behind a a river by the unique lightness of Amsterdam. The building is green and from 18th century.",
          "date": "2020-01-26T13:51:50.417Z",
          "id": 1,
          "mark": 4,
        },
        Object {
          "author": "Max",
          "authorImg": "/img/avatar-max.jpg",
          "comment": "A quiet cozy and picturesque that hides behind a a river by the unique lightness of Amsterdam. The building is green and from 18th century.",
          "date": "2020-01-26T13:51:50.417Z",
          "id": 2,
          "mark": 4,
        },
      ],
      "descriptions": Array [
        "A quiet cozy and picturesque that hides behind a a river by the unique lightness of Amsterdam. The building is green and from 18th century.",
        "An independent House, strategically located between Rembrand Square and National Opera, but where the bustle of the city comes to rest in this alley flowery and colorful.",
      ],
      "facilities": Array [
        "Wi-Fi",
        "Heating",
        "Kitchen",
        "Fridge",
        "Washing machine",
        "Coffee machine",
        "Dishwasher",
      ],
      "hostUser": Object {
        "img": "/img/avatar-angelina.jpg",
        "isPro": true,
        "name": "Angelina",
      },
      "id": 0,
      "imgs": Array [
        "/img/apartment-01.jpg",
        "/img/apartment-02.jpg",
        "/img/apartment-03.jpg",
        "/img/studio-01.jpg",
        "/img/room.jpg",
      ],
      "isInBookmark": true,
      "isPremium": true,
      "mark": 4,
      "name": "Beautiful & luxurious apartment at great location",
      "nearOffers": Array [
        1,
        2,
        3,
      ],
      "previewImg": "/img/apartment-01.jpg",
      "price": 120,
      "reviews": 2,
      "type": "Apartment",
    }
  }
>
  <article
    className="cities__place-card  place-card"
    data-test="test-card-hover"
    onMouseEnter={[Function]}
    onMouseLeave={[Function]}
  >
    <div
      className="place-card__mark"
    >
      <span>
        Premium
      </span>
    </div>
    <div
      className="cities__image-wrapper  place-card__image-wrapper"
    >
      <a
        href="#"
      >
        <img
          alt="Place image"
          className="place-card__image"
          height="200"
          src="/img/apartment-01.jpg"
          width="260"
        />
      </a>
    </div>
    <div
      className=" place-card__info"
    >
      <div
        className="place-card__price-wrapper"
      >
        <div
          className="place-card__price"
        >
          <b
            className="place-card__price-value"
          >
            €
            120
          </b>
          <span
            className="place-card__price-text"
          >
            / night
          </span>
        </div>
        <Link
          onClick={[Function]}
          to="/login"
        >
          <LinkAnchor
            href="/login"
            navigate={[Function]}
            onClick={[Function]}
          >
            <a
              href="/login"
              onClick={[Function]}
            >
              <button
                className="place-card__bookmark-button button place-card__bookmark-button--active"
                type="button"
              >
                <svg
                  className="place-card__bookmark-icon"
                  height="19"
                  width="18"
                >
                  <use
                    xlinkHref="#icon-bookmark"
                  />
                </svg>
                <span
                  className="visually-hidden"
                >
                  In
                   bookmarks
                </span>
              </button>
            </a>
          </LinkAnchor>
        </Link>
      </div>
      <div
        className="place-card__rating rating"
      >
        <div
          className="place-card__stars rating__stars"
        >
          <span
            style={
              Object {
                "width": "90%",
              }
            }
          />
          <span
            className="visually-hidden"
          >
            Rating
          </span>
        </div>
      </div>
      <h2
        className="place-card__name"
      >
        <Link
          data-test="test-header-click"
          href="#"
          to="/offer/0"
        >
          <LinkAnchor
            data-test="test-header-click"
            href="/offer/0"
            navigate={[Function]}
          >
            <a
              data-test="test-header-click"
              href="/offer/0"
              onClick={[Function]}
            >
              Beautiful & luxurious apartment at great location
            </a>
          </LinkAnchor>
        </Link>
      </h2>
      <p
        className="place-card__type"
      >
        Apartment
      </p>
    </div>
  </article>
</Connect(withRouter(OfferCard))>
`;
