// Jest Snapshot v1, https://goo.gl/fbAQLP

exports[`OffersCities successfully rendered 1`] = `
<ul
  className="locations__list tabs__list"
>
  <li
    className="locations__item"
    onMouseEnter={[Function]}
    onMouseLeave={[Function]}
    style={Object {}}
  >
    <a
      className="locations__item-link tabs__item tabs__item--active"
      data-test="test-city-click"
      onClick={[Function]}
    >
      <span>
        Amsterdam
      </span>
    </a>
  </li>
  <li
    className="locations__item"
    onMouseEnter={[Function]}
    onMouseLeave={[Function]}
    style={Object {}}
  >
    <a
      className="locations__item-link tabs__item "
      data-test="test-city-click"
      onClick={[Function]}
    >
      <span>
        Dusseldorf
      </span>
    </a>
  </li>
</ul>
`;
