// Jest Snapshot v1, https://goo.gl/fbAQLP

exports[`OffersCities successfully rendered 1`] = `
<ul
  className="locations__list tabs__list"
>
  <li
    className="locations__item"
  >
    <a
      className="locations__item-link tabs__item"
      data-test="test-city-click"
      href="Amsterdam"
      onClick={[Function]}
    >
      <span>
        Amsterdam
      </span>
    </a>
  </li>
  <li
    className="locations__item"
  >
    <a
      className="locations__item-link tabs__item"
      data-test="test-city-click"
      href="Berlin"
      onClick={[Function]}
    >
      <span>
        Berlin
      </span>
    </a>
  </li>
</ul>
`;
